// Jest Snapshot v1, https://goo.gl/fbAQLP

exports[`StepsItem should render component 1`] = `
<div
  className="mfui-steps-item"
>
  <span
    className="mfui-steps-item__step-number"
  >
    1
  </span>
  <div
    className="mfui-steps-item__text-wrapper"
  >
    <Paragraph
      hasMargin={false}
    >
      text
    </Paragraph>
  </div>
</div>
`;
