// Jest Snapshot v1, https://goo.gl/fbAQLP

exports[`CardsBox mobile resolution render with carousel 1`] = `
<CardsBox>
  <div
    className="mfui-beta-cards-box"
  >
    <CarouselMock
      slidesSettings={
        Object {
          "320": Object {
            "slidesPerView": 1,
            "spaceBetween": 16,
          },
          "768": Object {
            "slidesPerView": 2,
            "spaceBetween": 20,
          },
        }
      }
    >
      <Card
        button={
          Object {
            "href": "button-href",
            "title": "button-title",
          }
        }
        link={
          Object {
            "href": "href",
            "title": "href-title",
          }
        }
        text="text"
        title="title"
      >
        <div
          className="mfui-beta-card"
        >
          <div
            className="mfui-beta-card__inner"
          >
            <Header
              as="h3"
              className="mfui-beta-card__title"
              color="black"
              hAlign="inherit"
            >
              <h3
                className="mfui-beta-header mfui-beta-header_color_black mfui-beta-header_level_h3 mfui-beta-header_h-align_inherit mfui-beta-card__title"
              >
                title
              </h3>
            </Header>
            <div
              className="mfui-beta-card__text"
            >
              text
            </div>
            <div
              className="mfui-beta-card__btns-wrapper"
            >
              <Button
                className="mfui-beta-card__button"
                href="button-href"
              >
                <a
                  className="mfui-beta-button mfui-beta-button_type_primary mfui-beta-button_theme_green mfui-beta-button_size-all_medium mfui-beta-button_no-touch mfui-beta-button_content-type_text mfui-beta-card__button"
                  disabled={false}
                  href="button-href"
                  onClick={[Function]}
                >
                  <div
                    className="mfui-beta-button__inner"
                  >
                    <div
                      className="mfui-beta-button__content"
                    >
                      <span
                        className="mfui-beta-button__text"
                      >
                        button-title
                      </span>
                    </div>
                  </div>
                </a>
              </Button>
              <TextLink
                className="mfui-beta-card__link"
                color="blue"
                href="href"
                underlineStyle="solid"
                underlineVisibility="hover"
              >
                <Link
                  className="mfui-beta-text-link mfui-beta-text-link_underline-visibility_hover mfui-beta-text-link_underline-style_solid mfui-beta-text-link_color_blue mfui-beta-card__link"
                  href="href"
                >
                  <a
                    className="mfui-beta-text-link mfui-beta-text-link_underline-visibility_hover mfui-beta-text-link_underline-style_solid mfui-beta-text-link_color_blue mfui-beta-card__link"
                    href="href"
                  >
                    href-title
                  </a>
                </Link>
              </TextLink>
            </div>
          </div>
        </div>
      </Card>
      <Card
        button={
          Object {
            "href": "button-href",
            "title": "button-title",
          }
        }
        link={
          Object {
            "href": "href",
            "title": "href-title",
          }
        }
        text="text"
        title="title"
      >
        <div
          className="mfui-beta-card"
        >
          <div
            className="mfui-beta-card__inner"
          >
            <Header
              as="h3"
              className="mfui-beta-card__title"
              color="black"
              hAlign="inherit"
            >
              <h3
                className="mfui-beta-header mfui-beta-header_color_black mfui-beta-header_level_h3 mfui-beta-header_h-align_inherit mfui-beta-card__title"
              >
                title
              </h3>
            </Header>
            <div
              className="mfui-beta-card__text"
            >
              text
            </div>
            <div
              className="mfui-beta-card__btns-wrapper"
            >
              <Button
                className="mfui-beta-card__button"
                href="button-href"
              >
                <a
                  className="mfui-beta-button mfui-beta-button_type_primary mfui-beta-button_theme_green mfui-beta-button_size-all_medium mfui-beta-button_no-touch mfui-beta-button_content-type_text mfui-beta-card__button"
                  disabled={false}
                  href="button-href"
                  onClick={[Function]}
                >
                  <div
                    className="mfui-beta-button__inner"
                  >
                    <div
                      className="mfui-beta-button__content"
                    >
                      <span
                        className="mfui-beta-button__text"
                      >
                        button-title
                      </span>
                    </div>
                  </div>
                </a>
              </Button>
              <TextLink
                className="mfui-beta-card__link"
                color="blue"
                href="href"
                underlineStyle="solid"
                underlineVisibility="hover"
              >
                <Link
                  className="mfui-beta-text-link mfui-beta-text-link_underline-visibility_hover mfui-beta-text-link_underline-style_solid mfui-beta-text-link_color_blue mfui-beta-card__link"
                  href="href"
                >
                  <a
                    className="mfui-beta-text-link mfui-beta-text-link_underline-visibility_hover mfui-beta-text-link_underline-style_solid mfui-beta-text-link_color_blue mfui-beta-card__link"
                    href="href"
                  >
                    href-title
                  </a>
                </Link>
              </TextLink>
            </div>
          </div>
        </div>
      </Card>
      <Card
        button={
          Object {
            "href": "button-href",
            "title": "button-title",
          }
        }
        link={
          Object {
            "href": "href",
            "title": "href-title",
          }
        }
        text="text"
        title="title"
      >
        <div
          className="mfui-beta-card"
        >
          <div
            className="mfui-beta-card__inner"
          >
            <Header
              as="h3"
              className="mfui-beta-card__title"
              color="black"
              hAlign="inherit"
            >
              <h3
                className="mfui-beta-header mfui-beta-header_color_black mfui-beta-header_level_h3 mfui-beta-header_h-align_inherit mfui-beta-card__title"
              >
                title
              </h3>
            </Header>
            <div
              className="mfui-beta-card__text"
            >
              text
            </div>
            <div
              className="mfui-beta-card__btns-wrapper"
            >
              <Button
                className="mfui-beta-card__button"
                href="button-href"
              >
                <a
                  className="mfui-beta-button mfui-beta-button_type_primary mfui-beta-button_theme_green mfui-beta-button_size-all_medium mfui-beta-button_no-touch mfui-beta-button_content-type_text mfui-beta-card__button"
                  disabled={false}
                  href="button-href"
                  onClick={[Function]}
                >
                  <div
                    className="mfui-beta-button__inner"
                  >
                    <div
                      className="mfui-beta-button__content"
                    >
                      <span
                        className="mfui-beta-button__text"
                      >
                        button-title
                      </span>
                    </div>
                  </div>
                </a>
              </Button>
              <TextLink
                className="mfui-beta-card__link"
                color="blue"
                href="href"
                underlineStyle="solid"
                underlineVisibility="hover"
              >
                <Link
                  className="mfui-beta-text-link mfui-beta-text-link_underline-visibility_hover mfui-beta-text-link_underline-style_solid mfui-beta-text-link_color_blue mfui-beta-card__link"
                  href="href"
                >
                  <a
                    className="mfui-beta-text-link mfui-beta-text-link_underline-visibility_hover mfui-beta-text-link_underline-style_solid mfui-beta-text-link_color_blue mfui-beta-card__link"
                    href="href"
                  >
                    href-title
                  </a>
                </Link>
              </TextLink>
            </div>
          </div>
        </div>
      </Card>
    </CarouselMock>
  </div>
</CardsBox>
`;

exports[`CardsBox render component 1`] = `
<div
  className="mfui-beta-cards-box"
>
  <Grid
    guttersBottom="medium"
    guttersLeft="medium"
  >
    <GridColumn
      all="4"
      key=".0"
      mobile="12"
    >
      <Card
        button={
          Object {
            "href": "button-href",
            "title": "button-title",
          }
        }
        link={
          Object {
            "href": "href",
            "title": "href-title",
          }
        }
        text="text"
        title="title"
      />
    </GridColumn>
  </Grid>
</div>
`;
